[template45.webekspor.com/index.html]
[backblue.gif]
[fade.gif]
[index.html]
[template45.webekspor.com/wp-content/uploads/2022/04/pexels-photo-7248417.png]
[template45.webekspor.com/feed/index.html]
[template45.webekspor.com/comments/feed/index.html]
[template45.webekspor.com/wp-includes/js/jquery/jquery.mina7a0.js]
[template45.webekspor.com/wp-includes/js/jquery/jquery-migrate.mind617.js]
[template45.webekspor.com/wp-content/plugins/chaty/js/cht-front-script97ec.js]
[template45.webekspor.com/wp-json/index.html]
[template45.webekspor.com/wp-json/wp/v2/pages/23.json]
[template45.webekspor.com/xmlrpc0db0.php]
[template45.webekspor.com/wp-includes/wlwmanifest.xml]
[template45.webekspor.com/wp-json/oembed/1.0/embed561e.json]
[template45.webekspor.com/wp-json/oembed/1.0/embed8fab]
[template45.webekspor.com/wp-content/uploads/2022/01/Logo1.png]
[template45.webekspor.com/wp-content/uploads/2022/01/Logo2.png]
[template45.webekspor.com/wp-content/plugins/smart-slider-3/Public/SmartSlider3/Application/Frontend/Assets/dist/n2.mince54.js]
[template45.webekspor.com/wp-content/plugins/smart-slider-3/Public/SmartSlider3/Application/Frontend/Assets/dist/smartslider-frontend.mince54.js]
[template45.webekspor.com/wp-content/plugins/smart-slider-3/Public/SmartSlider3/Slider/SliderType/Simple/Assets/dist/ss-simple.mince54.js]
[template45.webekspor.com/wp-content/plugins/smart-slider-3/Public/SmartSlider3/Slider/SliderType/Simple/Assets/dist/smartslider-backgroundanimation.mince54.js]
[template45.webekspor.com/wp-content/uploads/2022/01/Logo.png]
[template45.webekspor.com/wp-content/uploads/2022/04/madhushree-narayan-Ok8rSCfa65Y-unsplash-1-1.jpg]
[template45.webekspor.com/wp-content/uploads/2022/04/tunas-kelapajpg-20220408070958.jpg]
[template45.webekspor.com/wp-content/uploads/2022/04/278700837.jpg]
[template45.webekspor.com/wp-content/uploads/2022/04/pexels-photo-7676720.jpg]
[template45.webekspor.com/wp-content/uploads/2022/04/photo-1580984969064-9a264d75832c.jpg]
[template45.webekspor.com/wp-content/uploads/2022/04/Coconut-The_Wonder_Fruit-1920x1280-940x627-1.jpg]
[template45.webekspor.com/wp-content/uploads/2022/04/img-coconut-1.png]
[template45.webekspor.com/wp-content/uploads/2022/04/isaac-n-c-hL9pRezOKwc-unsplash.png]
[template45.webekspor.com/wp-content/uploads/2022/04/coconut-milk-bg.png]
[template45.webekspor.com/wp-content/uploads/2022/04/Minyak-Kelapa-Murni-1.png]
[template45.webekspor.com/wp-content/uploads/2022/04/7796259596-klasfikasidanmorfologitanamankelapa.png]
[template45.webekspor.com/wp-content/uploads/2022/04/Mature-Coconut_-Semi-Husked-Coconut-Mature_2.jpg]
[template45.webekspor.com/wp-content/uploads/2022/04/photo-1603779046675-2eccbab9b982.jpg]
[template45.webekspor.com/wp-content/uploads/2022/04/h3-team-1.jpg]
[template45.webekspor.com/2022/04/05/design-decision-with-bea-feitler-unstoppable/index.html]
[template45.webekspor.com/wp-content/uploads/2022/03/Team-img3.jpg]
[template45.webekspor.com/wp-content/uploads/2022/04/h3-team-3.jpg]
[template45.webekspor.com/wp-content/uploads/2022/04/img.jpg]
[template45.webekspor.com/wp-content/uploads/2022/01/Screen-Shot-2022-01-15-at-15.15.08.png]
[template45.webekspor.com/category/artikel/index.html]
[template45.webekspor.com/wp-content/themes/astra/assets/js/minified/frontend.minc480.js]
[template45.webekspor.com/wp-content/uploads/premium-addons-elementor/pa-frontend-0a9883734.minfe1a.js]
[template45.webekspor.com/2022/04/04/pain-free-workflow-issuereporting-resolution/index.html]
[template45.webekspor.com/wp-content/plugins/elementor/assets/lib/jquery-numerator/jquery-numerator.min3958.js]
[template45.webekspor.com/wp-includes/js/imagesloaded.mineda1.js]
[template45.webekspor.com/wp-content/plugins/premium-addons-for-elementor/assets/frontend/min-js/prettyPhoto.min6959.js]
[template45.webekspor.com/2022/04/04/retaining-good-employees-motivated/index.html]
[template45.webekspor.com/wp-content/plugins/premium-addons-for-elementor/assets/frontend/min-js/isotope.min6959.js]
[template45.webekspor.com/wp-content/plugins/premium-addons-for-elementor/assets/frontend/min-js/modal.min6959.js]
[template45.webekspor.com/wp-content/plugins/premium-addons-for-elementor/assets/frontend/min-js/lottie.min6959.js]
[template45.webekspor.com/wp-content/plugins/premium-addons-for-elementor/assets/frontend/min-js/slick.min6959.js]
[template45.webekspor.com/2022/04/04/workforce-challenges-opportunities/index.html]
[template45.webekspor.com/wp-content/plugins/elementor/assets/js/webpack.runtime.min10cb.js]
[template45.webekspor.com/wp-content/plugins/elementor/assets/js/frontend-modules.min10cb.js]
[template45.webekspor.com/wp-content/plugins/elementor/assets/lib/waypoints/waypoints.min05da.js]
[template45.webekspor.com/wp-includes/js/jquery/ui/core.min3f14.js]
[template45.webekspor.com/wp-content/plugins/elementor/assets/js/frontend.min10cb.js]
[template45.webekspor.com/index.html]
[template45.webekspor.com/wp-content/plugins/chaty/images/whatsapp.png]
[template45.webekspor.com/wp-content/plugins/chaty/css/chaty-front.min97ec.css]
[template45.webekspor.com/wp-content/themes/astra/assets/css/minified/main.minc480.css]
[template45.webekspor.com/wp-content/uploads/premium-addons-elementor/pa-frontend-0a9883734.minfe1a.css]
[template45.webekspor.com/wp-includes/css/dist/block-library/style.min6a4d.css]
[template45.webekspor.com/wp-content/plugins/elementor/assets/lib/eicons/fonts/eiconsdc2c.eot]
[template45.webekspor.com/wp-content/plugins/elementor/assets/lib/eicons/fonts/eiconsdc2c.woff2]
[template45.webekspor.com/wp-content/plugins/elementor/assets/lib/eicons/fonts/eiconsdc2c.woff]
[template45.webekspor.com/wp-content/plugins/elementor/assets/lib/eicons/fonts/eiconsdc2c.ttf]
[template45.webekspor.com/wp-content/plugins/elementor/assets/lib/eicons/css/elementor-icons.mine900.css]
[template45.webekspor.com/wp-content/plugins/elementor/assets/css/frontend-lite.min10cb.css]
[template45.webekspor.com/wp-content/uploads/elementor/css/post-104c65.css]
[template45.webekspor.com/wp-content/uploads/elementor/css/globald491.css]
[template45.webekspor.com/wp-content/uploads/2022/04/thomas-lefebvre-V63oM8OPJSo-unsplash-1.jpg]
[template45.webekspor.com/wp-content/uploads/elementor/css/post-231216.css]
[template45.webekspor.com/wp-content/themes/astra-child/style8a54.css]
[template45.webekspor.com/wp-content/plugins/elementor/assets/lib/font-awesome/css/fontawesome.min52d5.css]
[template45.webekspor.com/wp-content/plugins/elementor/assets/lib/font-awesome/webfonts/fa-solid-900.eot]
[template45.webekspor.com/wp-content/plugins/elementor/assets/lib/font-awesome/webfonts/fa-solid-900d41d.eot]
[template45.webekspor.com/wp-content/plugins/elementor/assets/lib/font-awesome/webfonts/fa-solid-900.woff2]
[template45.webekspor.com/wp-content/plugins/elementor/assets/lib/font-awesome/webfonts/fa-solid-900.woff]
[template45.webekspor.com/wp-content/plugins/elementor/assets/lib/font-awesome/webfonts/fa-solid-900.ttf]
[template45.webekspor.com/wp-content/plugins/elementor/assets/lib/font-awesome/css/solid.min52d5.css]
[template45.webekspor.com/wp-content/plugins/elementor/assets/lib/font-awesome/webfonts/fa-brands-400.eot]
[template45.webekspor.com/wp-content/plugins/elementor/assets/lib/font-awesome/webfonts/fa-brands-400d41d.eot]
[template45.webekspor.com/wp-content/plugins/elementor/assets/lib/font-awesome/webfonts/fa-brands-400.woff2]
[template45.webekspor.com/wp-content/plugins/elementor/assets/lib/font-awesome/webfonts/fa-brands-400.woff]
[template45.webekspor.com/wp-content/plugins/elementor/assets/lib/font-awesome/webfonts/fa-brands-400.ttf]
[template45.webekspor.com/wp-content/plugins/elementor/assets/lib/font-awesome/css/brands.min52d5.css]
[template45.webekspor.com/wp-content/plugins/smart-slider-3/Public/SmartSlider3/Application/Frontend/Assets/dist/smartslider.mince54.css]
[template45.webekspor.com/wp-json/wp/v2/posts/3562.json]
[template45.webekspor.com/2022/04/05/design-decision-with-bea-feitler-unstoppable/feed/index.html]
[template45.webekspor.com/wp-json/oembed/1.0/embed2ea9.json]
[template45.webekspor.com/wp-json/oembed/1.0/embedf911]
[template45.webekspor.com/2022/04/05/design-decision-with-bea-feitler-unstoppable/index.html]
[template45.webekspor.com/wp-includes/js/comment-reply.min6a4d.js]
[template45.webekspor.com/author/superadmin/index.html]
[template45.webekspor.com/wp-json/wp/v2/categories/1.json]
[template45.webekspor.com/category/artikel/index.html]
[template45.webekspor.com/2022/04/index.html]
[template45.webekspor.com/category/artikel/feed/index.html]
[template45.webekspor.com/wp-json/wp/v2/posts/3533.json]
[template45.webekspor.com/2022/04/04/pain-free-workflow-issuereporting-resolution/feed/index.html]
[template45.webekspor.com/wp-json/oembed/1.0/embeda948.json]
[template45.webekspor.com/wp-json/oembed/1.0/embedcee3]
[template45.webekspor.com/2022/04/04/pain-free-workflow-issuereporting-resolution/index.html]
[template45.webekspor.com/2022/04/04/retaining-good-employees-motivated/feed/index.html]
[template45.webekspor.com/wp-json/wp/v2/posts/3529.json]
[template45.webekspor.com/wp-json/oembed/1.0/embeddfc4.json]
[template45.webekspor.com/wp-json/oembed/1.0/embed0310]
[template45.webekspor.com/2022/04/04/retaining-good-employees-motivated/index.html]
[template45.webekspor.com/wp-json/wp/v2/posts/3521.json]
[template45.webekspor.com/wp-json/oembed/1.0/embed88b9.json]
[template45.webekspor.com/wp-json/oembed/1.0/embedfa93]
[template45.webekspor.com/2022/04/04/workforce-challenges-opportunities/index.html]
[template45.webekspor.com/wp-content/plugins/premium-addons-for-elementor/assets/frontend/images/prettyPhoto/default/sprite.png]
[template45.webekspor.com/wp-content/plugins/premium-addons-for-elementor/assets/frontend/images/prettyPhoto/default/sprite_x.png]
[template45.webekspor.com/wp-content/plugins/premium-addons-for-elementor/assets/frontend/images/prettyPhoto/default/sprite_y.png]
[template45.webekspor.com/wp-content/plugins/premium-addons-for-elementor/assets/frontend/images/prettyPhoto/default/sprite_next.png]
[template45.webekspor.com/wp-content/plugins/premium-addons-for-elementor/assets/frontend/images/prettyPhoto/default/sprite_prev.png]
[template45.webekspor.com/wp-content/plugins/premium-addons-for-elementor/assets/frontend/images/prettyPhoto/default/default_thumb.png]
[template45.webekspor.com/wp-content/plugins/premium-addons-for-elementor/assets/frontend/images/prettyPhoto/default/loader.gif]
[template45.webekspor.com/wp-content/plugins/premium-addons-for-elementor/assets/frontend/images/prettyPhoto/light_rounded/sprite.png]
[template45.webekspor.com/wp-content/plugins/premium-addons-for-elementor/assets/frontend/images/prettyPhoto/light_rounded/btnNext.png]
[template45.webekspor.com/wp-content/plugins/premium-addons-for-elementor/assets/frontend/images/prettyPhoto/light_rounded/btnPrevious.png]
[template45.webekspor.com/wp-content/plugins/premium-addons-for-elementor/assets/frontend/images/prettyPhoto/dark_rounded/sprite.png]
[template45.webekspor.com/wp-content/plugins/premium-addons-for-elementor/assets/frontend/images/prettyPhoto/dark_rounded/contentPattern.png]
[template45.webekspor.com/wp-content/plugins/premium-addons-for-elementor/assets/frontend/images/prettyPhoto/dark_rounded/btnNext.png]
[template45.webekspor.com/wp-content/plugins/premium-addons-for-elementor/assets/frontend/images/prettyPhoto/dark_rounded/btnPrevious.png]
[template45.webekspor.com/wp-content/plugins/premium-addons-for-elementor/assets/frontend/images/prettyPhoto/dark_rounded/loader.gif]
[template45.webekspor.com/wp-content/plugins/premium-addons-for-elementor/assets/frontend/images/prettyPhoto/dark_square/loader.gif]
[template45.webekspor.com/wp-content/plugins/premium-addons-for-elementor/assets/frontend/images/prettyPhoto/dark_square/sprite.png]
[template45.webekspor.com/wp-content/plugins/premium-addons-for-elementor/assets/frontend/images/prettyPhoto/dark_square/btnNext.png]
[template45.webekspor.com/wp-content/plugins/premium-addons-for-elementor/assets/frontend/images/prettyPhoto/dark_square/btnPrevious.png]
[template45.webekspor.com/wp-content/plugins/premium-addons-for-elementor/assets/frontend/images/prettyPhoto/light_square/sprite.png]
[template45.webekspor.com/wp-content/plugins/premium-addons-for-elementor/assets/frontend/images/prettyPhoto/light_square/btnNext.png]
[template45.webekspor.com/wp-content/plugins/premium-addons-for-elementor/assets/frontend/images/prettyPhoto/light_square/btnPrevious.png]
[template45.webekspor.com/wp-content/plugins/premium-addons-for-elementor/assets/frontend/images/prettyPhoto/facebook/sprite.png]
[template45.webekspor.com/wp-content/plugins/premium-addons-for-elementor/assets/frontend/images/prettyPhoto/facebook/contentPatternTop.png]
[template45.webekspor.com/wp-content/plugins/premium-addons-for-elementor/assets/frontend/images/prettyPhoto/facebook/contentPatternLeft.png]
[template45.webekspor.com/wp-content/plugins/premium-addons-for-elementor/assets/frontend/images/prettyPhoto/facebook/contentPatternRight.png]
[template45.webekspor.com/wp-content/plugins/premium-addons-for-elementor/assets/frontend/images/prettyPhoto/facebook/loader.gif]
[template45.webekspor.com/wp-content/plugins/premium-addons-for-elementor/assets/frontend/images/prettyPhoto/facebook/btnNext.png]
[template45.webekspor.com/wp-content/plugins/premium-addons-for-elementor/assets/frontend/images/prettyPhoto/facebook/btnPrevious.png]
[template45.webekspor.com/wp-content/plugins/premium-addons-for-elementor/assets/frontend/images/prettyPhoto/facebook/contentPatternBottom.png]
[template45.webekspor.com/wp-content/plugins/premium-addons-for-elementor/assets/frontend/images/prettyPhoto/facebook/default_thumbnail.gif]
[template45.webekspor.com/wp-content/plugins/premium-addons-for-elementor/assets/frontend/images/prettyPhoto/light_rounded/loader.gif]
[template45.webekspor.com/wp-content/plugins/premium-addons-for-elementor/assets/frontend/min-css/prettyphoto.min6959.css]
[template45.webekspor.com/wp-content/plugins/elementor/assets/lib/font-awesome/webfonts/fa-regular-400.eot]
[template45.webekspor.com/wp-content/plugins/elementor/assets/lib/font-awesome/webfonts/fa-regular-400d41d.eot]
[template45.webekspor.com/wp-content/plugins/elementor/assets/lib/font-awesome/webfonts/fa-regular-400.woff2]
[template45.webekspor.com/wp-content/plugins/elementor/assets/lib/font-awesome/webfonts/fa-regular-400.woff]
[template45.webekspor.com/wp-content/plugins/elementor/assets/lib/font-awesome/webfonts/fa-regular-400.ttf]
[template45.webekspor.com/wp-content/plugins/elementor/assets/lib/font-awesome/css/all.min6959.css]
[template45.webekspor.com/wp-content/plugins/premium-addons-for-elementor/assets/frontend/min-css/slick.min6959.css]
[template45.webekspor.com/wp-content/plugins/elementor/assets/lib/animations/animations.min10cb.css]
[template45.webekspor.com/wp-content/plugins/elementor/assets/lib/eicons/fonts/eiconsdc2c.svg]
[template45.webekspor.com/wp-content/plugins/elementor/assets/lib/font-awesome/webfonts/fa-solid-900.svg]
[template45.webekspor.com/wp-content/plugins/elementor/assets/lib/font-awesome/webfonts/fa-brands-400.svg]
[template45.webekspor.com/index1385.html]
[template45.webekspor.com/xmlrpc.php]
[template45.webekspor.com/wp-json/wp/v2/users/1.json]
[template45.webekspor.com/author/superadmin/index.html]
[template45.webekspor.com/2022/04/index.html]
[template45.webekspor.com/indexad9f.html]
[template45.webekspor.com/index5af0.html]
[template45.webekspor.com/indexd4fd.html]
[template45.webekspor.com/wp-content/plugins/elementor/assets/lib/font-awesome/webfonts/fa-regular-400.svg]
[wp-template45/wp-content/astra-local-fonts/astra-local-fontsc480.css]
[template45.webekspor.com/author/superadmin/feed/index.html]
